// Jest Snapshot v1, https://goo.gl/fbAQLP

exports[`<CardButton /> Snapshot testing 1`] = `
<Fragment>
  <styled.div>
    <styled.button
      onClick={[Function]}
    >
      NEXT
    </styled.button>
  </styled.div>
</Fragment>
`;
