// Jest Snapshot v1, https://goo.gl/fbAQLP

exports[`<CardLoader /> Snapshot testing 1`] = `
<styled.div>
  Loading...
</styled.div>
`;
