// Jest Snapshot v1, https://goo.gl/fbAQLP

exports[`<AppHeader /> Snapshot testing 1`] = `
<Fragment>
  <styled.header>
    <a
      href="/#"
    >
      <img
        alt="Star Wars Logo"
        src="logo.png"
      />
    </a>
  </styled.header>
</Fragment>
`;
